=== synthetic suite: D = 128, seed 0, stages ['k1kernel', 'k1fixed', 'k8kernel', 'boost', 'damp', 'reduced', 'metrics'] ===
    lam_boost = 3.2, lam_damp = 64.0 (scaled by D/32 from the d = 32 values 0.8 / 16)
[12:45:46] k1kernel: forward+kernel, delta=-0.1
[12:50:06]     S(0) particle +14.860 vs exact +14.222 (S/d: +0.11609 vs +0.11111)
    (4.3 min)
[12:50:06] k1kernel: forward+kernel, delta=+0.0
[12:54:12]     S(0) particle -0.325 vs exact +0.000 (S/d: -0.00254 vs +0.00000)
    (4.1 min)
[12:54:12] k1kernel: forward+kernel, delta=+0.1
[12:58:26]     S(0) particle -12.596 vs exact -11.631 (S/d: -0.09841 vs -0.09087)
    (4.2 min)
[12:58:27] k1fixed: exact fixed points (Riccati Picard)
[12:58:27]     exact boost: nu*/g(0) = 1.528; damp lam=3.2: nu(0) = 0.0500 (boundary); damp lam=64.0: nu*/g(0) = 0.951 (interior)
    (0.0 min)
[12:58:27] k1fixed: particle Picard, boost scenario
[picard] iter 0: res=5.9463e-01  nu*/g(t=0)=1.823
[picard] iter 1: res=4.3151e-01  nu*/g(t=0)=1.354
[picard] iter 2: res=2.7020e-01  nu*/g(t=0)=1.652
[picard] iter 3: res=1.9464e-01  nu*/g(t=0)=1.445
[picard] iter 4: res=1.3024e-01  nu*/g(t=0)=1.585
[picard] iter 5: res=9.2474e-02  nu*/g(t=0)=1.487
[picard] iter 6: res=6.3302e-02  nu*/g(t=0)=1.555
[picard] iter 7: res=4.4537e-02  nu*/g(t=0)=1.508
[picard] iter 8: res=3.0774e-02  nu*/g(t=0)=1.540
[picard] iter 9: res=2.1543e-02  nu*/g(t=0)=1.518
[picard] iter 10: res=1.4949e-02  nu*/g(t=0)=1.533
[picard] iter 11: res=1.0438e-02  nu*/g(t=0)=1.522
[13:26:17]     particle boost: nu*/g(0) = 1.522
    (27.8 min)
[13:26:17] k8kernel: forward+kernel, delta=-0.1
[13:29:48]     S(0) = +14.867  (S/d = +0.11615)
    (3.5 min)
[13:29:48] k8kernel: forward+kernel, delta=+0.1
[13:32:32]     S(0) = -12.588  (S/d = -0.09834)
    (2.7 min)
[13:32:32] boost: iteration 0 (lam=3.20, delta=-0.1)
[13:36:05]     res=5.9339e-01  nu*/g(t=0)=1.823
    (3.5 min)
[13:36:05] boost: iteration 1 (lam=3.20, delta=-0.1)
[13:39:47]     res=4.2909e-01  nu*/g(t=0)=1.354
    (3.7 min)
[13:39:47] boost: iteration 2 (lam=3.20, delta=-0.1)
[13:43:33]     res=2.6695e-01  nu*/g(t=0)=1.651
    (3.8 min)
[13:43:33] boost: iteration 3 (lam=3.20, delta=-0.1)
[13:47:11]     res=1.9145e-01  nu*/g(t=0)=1.446
    (3.6 min)
[13:47:11] boost: iteration 4 (lam=3.20, delta=-0.1)
[13:50:47]     res=1.2745e-01  nu*/g(t=0)=1.585
    (3.6 min)
[13:50:47] boost: iteration 5 (lam=3.20, delta=-0.1)
[13:54:33]     res=9.0176e-02  nu*/g(t=0)=1.489
    (3.8 min)
[13:54:33] boost: iteration 6 (lam=3.20, delta=-0.1)
[13:58:56]     res=6.1480e-02  nu*/g(t=0)=1.555
    (4.4 min)
[13:58:56] boost: iteration 7 (lam=3.20, delta=-0.1)
[14:02:34]     res=4.2956e-02  nu*/g(t=0)=1.509
    (3.6 min)
[14:02:34] boost: iteration 8 (lam=3.20, delta=-0.1)
[14:07:01]     res=2.9460e-02  nu*/g(t=0)=1.540
    (4.4 min)
[14:07:01] boost: iteration 9 (lam=3.20, delta=-0.1)
[14:10:39]     res=2.0413e-02  nu*/g(t=0)=1.518
    (3.6 min)
[14:10:39] boost: iteration 10 (lam=3.20, delta=-0.1)
[14:14:18]     res=1.4033e-02  nu*/g(t=0)=1.534
    (3.7 min)
[14:14:18] boost: iteration 11 (lam=3.20, delta=-0.1)
